[debug] [2026-09-20T05:58:49.855Z] ----------------------------------------------------------------------
[debug] [2026-09-20T05:58:49.860Z] Command:       C:\nvm4w\nodejs\node.exe E:\club (2025-26)\euphoria\node_modules\firebase-tools\lib\bin\firebase.js projects:list
[debug] [2026-09-20T05:58:49.861Z] CLI Version:   14.27.0
[debug] [2026-09-20T05:58:49.862Z] Platform:      win32
[debug] [2026-09-20T05:58:49.862Z] Node Version:  v26.4.0
[debug] [2026-09-20T05:58:49.862Z] Time:          Sun Sep 20 2026 11:28:49 GMT+0530 (India Standard Time)
[debug] [2026-09-20T05:58:49.862Z] ----------------------------------------------------------------------
[debug] 
[debug] [2026-09-20T05:58:49.870Z] >>> [apiv2][query] GET https://firebase-public.firebaseio.com/cli.json [none]
[debug] [2026-09-20T05:58:50.612Z] > command requires scopes: ["email","openid","https://www.googleapis.com/auth/cloudplatformprojects.readonly","https://www.googleapis.com/auth/firebase","https://www.googleapis.com/auth/cloud-platform"]
[debug] [2026-09-20T05:58:50.612Z] > authorizing via signed-in user (inderajay82@gmail.com)
[debug] [2026-09-20T05:58:50.618Z] Checked if tokens are valid: false, expires at: 1739529911687
[debug] [2026-09-20T05:58:50.618Z] Checked if tokens are valid: false, expires at: 1739529911687
[debug] [2026-09-20T05:58:50.619Z] > refreshing access token with scopes: []
[debug] [2026-09-20T05:58:50.623Z] >>> [apiv2][query] POST https://www.googleapis.com/oauth2/v3/token [none]
[debug] [2026-09-20T05:58:50.623Z] >>> [apiv2][body] POST https://www.googleapis.com/oauth2/v3/token [omitted]
[debug] [2026-09-20T05:58:50.862Z] *** [apiv2] error from fetch(https://www.googleapis.com/oauth2/v3/token, {"headers":{},"method":"POST","body":{"_overheadLength":545,"_valueLength":212,"_valuesToMeasure":[],"writable":false,"readable":true,"dataSize":0,"maxDataSize":2097152,"pauseStreams":true,"_released":true,"_streams":[],"_currentStream":null,"_insideLoop":false,"_pendingNext":false,"_boundary":"--------------------------0914baa472b00d1cf2add9fb","_events":{},"_eventsCount":1}}): FetchError: request to https://www.googleapis.com/oauth2/v3/token failed, reason: unable to verify the first certificate; if the root CA is installed locally, try running Node.js with --use-system-ca
[error] Authentication Error: Your credentials are no longer valid. Please run firebase login --reauth

For CI servers and headless environments, generate a new token with firebase login:ci
[debug] [2026-09-20T05:58:50.864Z] Authentication Error: Your credentials are no longer valid. Please run firebase login --reauth

For CI servers and headless environments, generate a new token with firebase login:ci
[debug] [2026-09-20T05:58:51.533Z] *** [apiv2] error from fetch(https://firebase-public.firebaseio.com/cli.json, {"headers":{},"method":"GET"}): FetchError: request to https://firebase-public.firebaseio.com/cli.json failed, reason: unable to verify the first certificate; if the root CA is installed locally, try running Node.js with --use-system-ca
[warn] !  Unable to fetch the CLI MOTD and remote config. This is not a fatal error, but may indicate an issue with your network connection. 
[debug] [2026-09-20T05:58:51.535Z] Failed to fetch MOTD FirebaseError: Failed to make request to https://firebase-public.firebaseio.com/cli.json
[debug] [2026-09-20T05:58:51.594Z] FirebaseError: Authentication Error: Your credentials are no longer valid. Please run firebase login --reauth

For CI servers and headless environments, generate a new token with firebase login:ci
    at invalidCredentialError (E:\club (2025-26)\euphoria\node_modules\firebase-tools\lib\auth.js:167:12)
    at refreshTokens (E:\club (2025-26)\euphoria\node_modules\firebase-tools\lib\auth.js:591:15)
    at process.processTicksAndRejections (node:internal/process/task_queues:104:5)
    at async getAccessToken (E:\club (2025-26)\euphoria\node_modules\firebase-tools\lib\apiv2.js:42:18)
    at async Client.addAuthHeader (E:\club (2025-26)\euphoria\node_modules\firebase-tools\lib\apiv2.js:169:21)
    at async Client.request (E:\club (2025-26)\euphoria\node_modules\firebase-tools\lib\apiv2.js:120:34)
    at async getProjectPage (E:\club (2025-26)\euphoria\node_modules\firebase-tools\lib\management\projects.js:279:17)
    at async getFirebaseProjectPage (E:\club (2025-26)\euphoria\node_modules\firebase-tools\lib\management\projects.js:296:23)
    at async listFirebaseProjects (E:\club (2025-26)\euphoria\node_modules\firebase-tools\lib\management\projects.js:327:29)
    at async Command.actionFn (E:\club (2025-26)\euphoria\node_modules\firebase-tools\lib\commands\projects-list.js:51:20)
[error] 
[error] Error: Failed to list Firebase projects. See firebase-debug.log for more info.
